// Vitest Snapshot v1, https://vitest.dev/guide/snapshot.html

exports[`matches snapshot 1`] = `
<div>
  <div
    class="MuiCardContent-root css-46bh2p-MuiCardContent-root"
  >
    <div
      class="MuiTypography-root MuiTypography-h5 css-ch2k2f-MuiTypography-root"
    >
      test
    </div>
    <div
      class="MuiBox-root css-0"
    >
      <p
        class="MuiTypography-root MuiTypography-body1 css-z2eky3-MuiTypography-root"
        style="display: inline-block; white-space: break-spaces;"
      >
        text
      </p>
    </div>
    <div
      class="MuiBox-root css-0"
    >
      <p
        class="MuiTypography-root MuiTypography-body1 css-18brw8f-MuiTypography-root"
        style="display: inline-block; white-space: break-spaces;"
      >
        native
      </p>
    </div>
  </div>
</div>
`;
